[ipcdtechnology.com.ng/index.html]
[backblue.gif]
[fade.gif]
[index.html]
[ipcdtechnology.com.ng/wp-includes/css/dist/block-library/style.minadc6.css]
[ipcdtechnology.com.ng/feed/index.html]
[ipcdtechnology.com.ng/comments/feed/index.html]
[ipcdtechnology.com.ng/home/feed/index.html]
[ipcdtechnology.com.ng/wp-content/themes/Divi/styled227.css]
[ipcdtechnology.com.ng/wp-includes/css/dashicons.minadc6.css]
[ipcdtechnology.com.ng/wp-includes/js/jquery/jquery.minf43b.js]
[ipcdtechnology.com.ng/wp-includes/js/jquery/jquery-migrate.min5589.js]
[ipcdtechnology.com.ng/wp-json/wp/v2/pages/2.json]
[ipcdtechnology.com.ng/wp-json/index.html]
[ipcdtechnology.com.ng/xmlrpc0db0.php]
[ipcdtechnology.com.ng/wp-json/oembed/1.0/embed4941.json]
[ipcdtechnology.com.ng/wp-json/oembed/1.0/embed610c]
[ipcdtechnology.com.ng/wp-content/themes/Divi/core/admin/fonts/modules.ttf]
[ipcdtechnology.com.ng/wp-content/uploads/2019/11/cropped-IPCD-32x32.jpg]
[ipcdtechnology.com.ng/wp-content/uploads/2019/11/cropped-IPCD-192x192.jpg]
[ipcdtechnology.com.ng/wp-content/uploads/2019/11/cropped-IPCD-180x180.jpg]
[ipcdtechnology.com.ng/wp-content/et-cache/global/et-divi-customizer-global-17307308349643.min.css]
[ipcdtechnology.com.ng/wp-content/uploads/2019/11/IPCD-Logo.jpg]
[ipcdtechnology.com.ng/wp-content/uploads/2019/11/IPCD.jpeg]
[ipcdtechnology.com.ng/about-us/index.html]
[ipcdtechnology.com.ng/our-full-list-of-services/index.html]
[ipcdtechnology.com.ng/unified-communications/index.html]
[ipcdtechnology.com.ng/wireless-connectivity/index.html]
[www.ipcdtechnology.com.ng/wp-content/uploads/2018/03/Operating-Systems.png]
[ipcdtechnology.com.ng/data-centre-solutions/index.html]
[ipcdtechnology.com.ng/surveillance-and-access-control/index.html]
[ipcdtechnology.com.ng/power-installations/index.html]
[ipcdtechnology.com.ng/sales-and-supplies/index.html]
[www.ipcdtechnology.com.ng/wp-content/uploads/2017/02/glasses-e1487347060696.png]
[ipcdtechnology.com.ng/contact-us/index.html]
[ipcdtechnology.com.ng/our-projects/index.html]
[www.ipcdtechnology.com.ng/wp-content/uploads/2017/02/mission-icon-e1487347113340.png]
[ipcdtechnology.com.ng/wp-content/themes/Divi/core/admin/js/commond227.js]
[ipcdtechnology.com.ng/wp-content/themes/Divi/js/custom.unifiedd227.js]
[www.ipcdtechnology.com.ng/wp-content/uploads/2017/02/networkingbanner.jpg]
[ipcdtechnology.com.ng/index.html]
[ipcdtechnology.com.ng/xmlrpc.html]
[ipcdtechnology.com.ng/wp-includes/css/dist/block-library/style.minadc6.css]
[ipcdtechnology.com.ng/wp-content/themes/Divi/core/admin/fonts/modules.eot]
[ipcdtechnology.com.ng/wp-content/themes/Divi/core/admin/fonts/modulesd41d.eot]
[ipcdtechnology.com.ng/wp-content/themes/Divi/core/admin/fonts/modules.woff]
[ipcdtechnology.com.ng/wp-content/themes/Divi/includes/builder/styles/images/subscribe-loader.gif]
[ipcdtechnology.com.ng/wp-content/themes/Divi/core/admin/fonts/modules.svg]
[ipcdtechnology.com.ng/wp-content/themes/Divi/includes/builder/styles/images/preloader.gif]
[ipcdtechnology.com.ng/wp-content/themes/Divi/epanel/shortcodes/images/shortcodes-sprite.png]
[ipcdtechnology.com.ng/wp-content/themes/Divi/styled227.css]
[ipcdtechnology.com.ng/wp-includes/fonts/dashicons7d4b.eot]
[ipcdtechnology.com.ng/wp-includes/css/dashicons.minadc6.css]
[ipcdtechnology.com.ng/wp-includes/fonts/dashicons7d4b.ttf]
[ipcdtechnology.com.ng/indexfe08.html]
[ipcdtechnology.com.ng/wp-content/et-cache/global/et-divi-customizer-global-17307308349643.min.css]
[ipcdtechnology.com.ng/wp-json/wp/v2/pages/268.json]
[ipcdtechnology.com.ng/wp-json/oembed/1.0/embed95c9.json]
[ipcdtechnology.com.ng/wp-json/oembed/1.0/embed4f97]
[ipcdtechnology.com.ng/wp-content/uploads/2017/02/ict-banner-compressor-compressor.jpg]
[ipcdtechnology.com.ng/about-us/index.html]
[ipcdtechnology.com.ng/wp-json/wp/v2/pages/217.json]
[ipcdtechnology.com.ng/wp-json/oembed/1.0/embed0359.json]
[ipcdtechnology.com.ng/wp-json/oembed/1.0/embed3450]
[ipcdtechnology.com.ng/our-full-list-of-services/index.html]
[ipcdtechnology.com.ng/network-solutions/index.html]
[ipcdtechnology.com.ng/wp-json/wp/v2/pages/106.json]
[ipcdtechnology.com.ng/wp-json/oembed/1.0/embed248b.json]
[ipcdtechnology.com.ng/wp-json/oembed/1.0/embed4afb]
[ipcdtechnology.com.ng/wp-content/uploads/2017/02/cisco-IP-phones-300x200.jpg]
[ipcdtechnology.com.ng/wp-content/uploads/2017/02/conference-phone-300x172.jpg]
[ipcdtechnology.com.ng/wp-content/uploads/2017/02/e-presence-300x192.jpg]
[ipcdtechnology.com.ng/unified-communications/index.html]
[ipcdtechnology.com.ng/wp-json/wp/v2/pages/116.json]
[ipcdtechnology.com.ng/wp-json/oembed/1.0/embeda021.json]
[ipcdtechnology.com.ng/wp-json/oembed/1.0/embed16d8]
[images-eu.ssl-images-amazon.com/images/I/41xCl9whz-L._SL500_AC_SS350_.jpg]
[pisces.bbystatic.com/image2/BestBuy_US/images/products/4830/4830200ld.jpg]
[ipcdtechnology.com.ng/wireless-connectivity/index.html]
[ipcdtechnology.com.ng/wp-json/wp/v2/pages/50.json]
[ipcdtechnology.com.ng/wp-json/oembed/1.0/embede017.json]
[ipcdtechnology.com.ng/wp-json/oembed/1.0/embedb3cb]
[ipcdtechnology.com.ng/wp-content/uploads/2017/02/drinking.jpg]
[ipcdtechnology.com.ng/wp-content/uploads/2017/02/drinking-400x284.jpg]
[ipcdtechnology.com.ng/wp-content/uploads/2017/02/server-room-interior-1.jpg]
[ipcdtechnology.com.ng/wp-content/uploads/2017/02/server-room-interior-1-400x284.jpg]
[ipcdtechnology.com.ng/data-centre-solutions/index.html]
[ipcdtechnology.com.ng/wp-json/wp/v2/pages/125.json]
[ipcdtechnology.com.ng/wp-json/oembed/1.0/embedff14.json]
[ipcdtechnology.com.ng/wp-json/oembed/1.0/embed04fa]
[ipcdtechnology.com.ng/wp-content/uploads/2017/02/cam2.jpg]
[ipcdtechnology.com.ng/wp-content/uploads/2017/02/cam2-400x284.jpg]
[ipcdtechnology.com.ng/wp-content/uploads/2017/02/cctv-camera.jpg]
[ipcdtechnology.com.ng/wp-content/uploads/2017/02/cctv-camera-400x284.jpg]
[ipcdtechnology.com.ng/wp-content/uploads/2017/02/cctv-control.jpg]
[ipcdtechnology.com.ng/wp-content/uploads/2017/02/cctv-control-400x284.jpg]
[ipcdtechnology.com.ng/wp-content/uploads/2017/02/cctv-1.jpg]
[ipcdtechnology.com.ng/wp-content/uploads/2017/02/cctv-1-400x284.jpg]
[ipcdtechnology.com.ng/surveillance-and-access-control/index.html]
[ipcdtechnology.com.ng/wp-json/wp/v2/pages/48.json]
[ipcdtechnology.com.ng/wp-json/oembed/1.0/embed09d1.json]
[ipcdtechnology.com.ng/wp-json/oembed/1.0/embedb81a]
[ipcdtechnology.com.ng/wp-content/uploads/2017/02/laptop-1-150x150.png]
[ipcdtechnology.com.ng/wp-content/uploads/2017/02/wireless-router-150x150.jpg]
[ipcdtechnology.com.ng/wp-content/uploads/2017/02/powerpack-150x150.jpg]
[ipcdtechnology.com.ng/wp-content/uploads/2017/02/laptop-2-150x150.jpg]
[ipcdtechnology.com.ng/wp-content/uploads/2017/02/laptop-150x150.png]
[ipcdtechnology.com.ng/sales-and-supplies/index.html]
[ipcdtechnology.com.ng/wp-json/wp/v2/pages/142.json]
[ipcdtechnology.com.ng/wp-json/oembed/1.0/embed100d.json]
[ipcdtechnology.com.ng/wp-json/oembed/1.0/embedf82a]
[ipcdtechnology.com.ng/wp-content/uploads/2017/02/power-3.jpg]
[ipcdtechnology.com.ng/wp-content/uploads/2017/02/power-2.jpg]
[ipcdtechnology.com.ng/wp-content/uploads/2017/02/power-2-400x284.jpg]
[ipcdtechnology.com.ng/wp-content/uploads/2017/02/power-1.jpg]
[ipcdtechnology.com.ng/wp-content/uploads/2017/02/power-1-400x284.jpg]
[ipcdtechnology.com.ng/power-installations/index.html]
[ipcdtechnology.com.ng/wp-json/wp/v2/pages/284.json]
[ipcdtechnology.com.ng/wp-json/oembed/1.0/embed274d.json]
[ipcdtechnology.com.ng/wp-json/oembed/1.0/embed6b88]
[ipcdtechnology.com.ng/our-projects/index.html]
[ipcdtechnology.com.ng/wp-json/wp/v2/pages/149.json]
[ipcdtechnology.com.ng/wp-json/oembed/1.0/embeddd01.json]
[ipcdtechnology.com.ng/wp-json/oembed/1.0/embed89b5]
[ipcdtechnology.com.ng/wp-content/uploads/2018/04/contact.jpg]
[ipcdtechnology.com.ng/contact-us/index.html]
[ipcdtechnology.com.ng/wp-content/themes/Divi/core/admin/fonts/modules.svg]
[ipcdtechnology.com.ng/index8766.html]
[ipcdtechnology.com.ng/indexc524.html]
[ipcdtechnology.com.ng/indexc34d.html]
[ipcdtechnology.com.ng/indexc094.html]
[ipcdtechnology.com.ng/index6fa3.html]
[ipcdtechnology.com.ng/index153d.html]
[ipcdtechnology.com.ng/indexe997.html]
[ipcdtechnology.com.ng/indexd78c.html]
[ipcdtechnology.com.ng/index8edf.html]
[ipcdtechnology.com.ng/index6aed.html]
[ipcdtechnology.com.ng/index0823.html]
[ipcdtechnology.com.ng/index5070.html]
[ipcdtechnology.com.ng/index78f2.html]
[ipcdtechnology.com.ng/index94b0.html]
[ipcdtechnology.com.ng/indexd173.html]
[ipcdtechnology.com.ng/indexee5b.html]
[ipcdtechnology.com.ng/index200b.html]
[ipcdtechnology.com.ng/index7b2c.html]
[ipcdtechnology.com.ng/index9d80.html]
[ipcdtechnology.com.ng/rako/index.html]
[ipcdtechnology.com.ng/sscp/index.html]
[ipcdtechnology.com.ng/index8bc8.html]
[ipcdtechnology.com.ng/index5df3.html]
[ipcdtechnology.com.ng/indexb13b.html]
[ipcdtechnology.com.ng/index762a.html]
[ipcdtechnology.com.ng/index56dd.html]
[ipcdtechnology.com.ng/index53ab.html]
[ipcdtechnology.com.ng/indexbdb5.html]
[ipcdtechnology.com.ng/index6e0e.html]
[ipcdtechnology.com.ng/indexe685.html]
[ipcdtechnology.com.ng/index2e8b.html]
[ipcdtechnology.com.ng/indexc58f.html]
[ipcdtechnology.com.ng/index33bc.html]
[ipcdtechnology.com.ng/indexf14e.html]
[ipcdtechnology.com.ng/index35cb.html]
[ipcdtechnology.com.ng/indexd0ba.html]
[ipcdtechnology.com.ng/index7ee1.html]
[ipcdtechnology.com.ng/index4897.html]
[ipcdtechnology.com.ng/indexf9cc.html]
[ipcdtechnology.com.ng/index61c8.html]
[ipcdtechnology.com.ng/index1a78.html]
[ipcdtechnology.com.ng/indexb7fe.html]
[ipcdtechnology.com.ng/indexcc4a.html]
[ipcdtechnology.com.ng/index390b.html]
